// Jest Snapshot v1, https://goo.gl/fbAQLP

exports[`test in LoginScreen should match to snapshot 1`] = `
Array [
  <h1
    className="auth__title mb-4"
  >
    Login
  </h1>,
  <form
    className="animate__animated animate__fadeIn animate__fast"
    onSubmit={[Function]}
  >
    <input
      className="auth__input"
      name="email"
      onChange={[Function]}
      placeholder="Enter your email"
      type="text"
      value=""
    />
    <input
      className="auth__input"
      name="password"
      onChange={[Function]}
      placeholder="Enter your password"
      type="password"
      value=""
    />
    <button
      className="btn btn-primary btn-block"
      disabled={false}
      type="submit"
    >
      Login
    </button>
  </form>,
  <div
    className="auth__social-networks animate__animated animate__fadeIn animate__fast"
  >
    <h2>
      Login with social networks
    </h2>
    <div
      className="google-btn"
      onClick={[Function]}
    >
      <div
        className="google-icon-wrapper"
      >
        <img
          alt="google button"
          className="google-icon"
          src="https://upload.wikimedia.org/wikipedia/commons/5/53/Google_%22G%22_Logo.svg"
        />
      </div>
      <p
        className="btn-text"
      >
        <b>
          Sign in with google
        </b>
      </p>
    </div>
  </div>,
  <a
    className="link"
    href="/auth/register"
    onClick={[Function]}
  >
    Create new account
  </a>,
]
`;
